BLK0 -> ['somewhere']
BLK1 -> ['somewhere']
somewhere -> []
